COMMAND timeout 120 mmio_probe full
loopback A=0x00000000 B=0xffffffff PASS
loopback A=0x00000001 B=0xfffffffe PASS
loopback A=0xffffffff B=0x00000000 PASS
loopback A=0xaaaaaaaa B=0x55555555 PASS
loopback A=0x55555555 B=0xaaaaaaaa PASS
loopback A=0x12345678 B=0xedcba987 PASS
addition=1 a=0x00000000 b=0x00000000 sum=0x00000000 carry=0 expected=0x000000000 PASS
addition=2 a=0x00000001 b=0x00000002 sum=0x00000003 carry=0 expected=0x000000003 PASS
addition=3 a=0xffffffff b=0x00000001 sum=0x00000000 carry=1 expected=0x100000000 PASS
addition=4 a=0xffffffff b=0xffffffff sum=0xfffffffe carry=1 expected=0x1fffffffe PASS
addition=5 a=0x80000000 b=0x80000000 sum=0x00000000 carry=1 expected=0x100000000 PASS
addition=6 a=0x12345678 b=0x9abcdef0 sum=0xacf13568 carry=0 expected=0x0acf13568 PASS
addition=7 a=0xa0d056c4 b=0xeb18fbc0 sum=0x8be95284 carry=1 expected=0x18be95284 PASS
addition=8 a=0x7870bff0 b=0x9e5f8ed7 sum=0x16d04ec7 carry=1 expected=0x116d04ec7 PASS
addition=9 a=0x9f2e7bb5 b=0x5b4680b9 sum=0xfa74fc6e carry=0 expected=0x0fa74fc6e PASS
addition=10 a=0xe16d4731 b=0x78e33d74 sum=0x5a5084a5 carry=1 expected=0x15a5084a5 PASS
addition=11 a=0xf6fbe892 b=0xf6d441a6 sum=0xedd02a38 carry=1 expected=0x1edd02a38 PASS
addition=12 a=0xa2f76416 b=0x80c5e6ac sum=0x23bd4ac2 carry=1 expected=0x123bd4ac2 PASS
addition=13 a=0xbe1f6c24 b=0x20e378c9 sum=0xdf02e4ed carry=0 expected=0x0df02e4ed PASS
addition=14 a=0xb0b599b4 b=0x73e016d5 sum=0x2495b089 carry=1 expected=0x12495b089 PASS
addition=15 a=0x566b4748 b=0xeec95929 sum=0x4534a071 carry=1 expected=0x14534a071 PASS
addition=16 a=0x786f603f b=0x19718b6b sum=0x91e0ebaa carry=0 expected=0x091e0ebaa PASS
addition=17 a=0x2b8313c5 b=0x76897038 sum=0xa20c83fd carry=0 expected=0x0a20c83fd PASS
addition=18 a=0x4945d39f b=0x95ff0a84 sum=0xdf44de23 carry=0 expected=0x0df44de23 PASS
addition=19 a=0xe159aab3 b=0x55fbb634 sum=0x375560e7 carry=1 expected=0x1375560e7 PASS
addition=20 a=0x4499d2ea b=0xa6511c88 sum=0xeaeaef72 carry=0 expected=0x0eaeaef72 PASS
addition=21 a=0x3dcb9368 b=0xbb7023db sum=0xf93bb743 carry=0 expected=0x0f93bb743 PASS
addition=22 a=0x5e68979e b=0xdff54bb3 sum=0x3e5de351 carry=1 expected=0x13e5de351 PASS
addition=23 a=0xa6e10eb2 b=0x61d6a809 sum=0x08b7b6bb carry=1 expected=0x108b7b6bb PASS
addition=24 a=0x2e2d9e22 b=0x20db8a16 sum=0x4f092838 carry=0 expected=0x04f092838 PASS
addition=25 a=0x62b5399a b=0x75457079 sum=0xd7faaa13 carry=0 expected=0x0d7faaa13 PASS
addition=26 a=0xb20d865c b=0x5a06e0df sum=0x0c14673b carry=1 expected=0x10c14673b PASS
addition=27 a=0x45b539f1 b=0xb3e67e34 sum=0xf99bb825 carry=0 expected=0x0f99bb825 PASS
addition=28 a=0xf838c4a4 b=0xf52aaab2 sum=0xed636f56 carry=1 expected=0x1ed636f56 PASS
addition=29 a=0xafebeb0c b=0x83ca4b69 sum=0x33b63675 carry=1 expected=0x133b63675 PASS
addition=30 a=0x9e46c97a b=0xaa5cf30e sum=0x48a3bc88 carry=1 expected=0x148a3bc88 PASS
addition=31 a=0xb3980b10 b=0xedb01fcd sum=0xa1482add carry=1 expected=0x1a1482add PASS
addition=32 a=0x2770d5c9 b=0x84f48e8d sum=0xac656456 carry=0 expected=0x0ac656456 PASS
addition=33 a=0xb181a7ff b=0x2abead40 sum=0xdc40553f carry=0 expected=0x0dc40553f PASS
addition=34 a=0x1dcc8bab b=0x1b8c1317 sum=0x39589ec2 carry=0 expected=0x039589ec2 PASS
addition=35 a=0xa43943e0 b=0x04e5bd82 sum=0xa91f0162 carry=0 expected=0x0a91f0162 PASS
addition=36 a=0xd9e12128 b=0x454fa68a sum=0x1f30c7b2 carry=1 expected=0x11f30c7b2 PASS
addition=37 a=0x824976e5 b=0x3e25954f sum=0xc06f0c34 carry=0 expected=0x0c06f0c34 PASS
addition=38 a=0x1d0a5229 b=0xbea4684e sum=0xdbaeba77 carry=0 expected=0x0dbaeba77 PASS
addition=39 a=0x461b8298 b=0xff5bae3c sum=0x457730d4 carry=1 expected=0x1457730d4 PASS
addition=40 a=0xd9110532 b=0xcf5004c9 sum=0xa86109fb carry=1 expected=0x1a86109fb PASS
addition=41 a=0x36e1268d b=0x54217d35 sum=0x8b02a3c2 carry=0 expected=0x08b02a3c2 PASS
addition=42 a=0x0b7bfe36 b=0xe31d8968 sum=0xee99879e carry=0 expected=0x0ee99879e PASS
addition=43 a=0x1424ae70 b=0xbcb73e25 sum=0xd0dbec95 carry=0 expected=0x0d0dbec95 PASS
addition=44 a=0x3505c01c b=0x2dc6d57f sum=0x62cc959b carry=0 expected=0x062cc959b PASS
addition=45 a=0x1a4097ab b=0x1e0b8dd1 sum=0x384c257c carry=0 expected=0x0384c257c PASS
addition=46 a=0x9982db29 b=0x9e14d11a sum=0x3797ac43 carry=1 expected=0x13797ac43 PASS
addition=47 a=0x82c5f321 b=0xa8986351 sum=0x2b5e5672 carry=1 expected=0x12b5e5672 PASS
addition=48 a=0x3ab03428 b=0xba906c72 sum=0xf540a09a carry=0 expected=0x0f540a09a PASS
addition=49 a=0x54d0885d b=0xfeba5cb0 sum=0x538ae50d carry=1 expected=0x1538ae50d PASS
addition=50 a=0x10acc2e6 b=0x96f8955e sum=0xa7a55844 carry=0 expected=0x0a7a55844 PASS
addition=51 a=0x0e31f997 b=0x116323d6 sum=0x1f951d6d carry=0 expected=0x01f951d6d PASS
addition=52 a=0xd622f21a b=0x845f336a sum=0x5a822584 carry=1 expected=0x15a822584 PASS
addition=53 a=0x247a0c13 b=0xdaf3830f sum=0xff6d8f22 carry=0 expected=0x0ff6d8f22 PASS
addition=54 a=0xf8d4fe86 b=0x8785ad84 sum=0x805aac0a carry=1 expected=0x1805aac0a PASS
addition=55 a=0x7493a75e b=0x0f748b22 sum=0x84083280 carry=0 expected=0x084083280 PASS
addition=56 a=0x5c00016a b=0xd98080fc sum=0x35808266 carry=1 expected=0x135808266 PASS
addition=57 a=0xfa73e253 b=0x4101e8af sum=0x3b75cb02 carry=1 expected=0x13b75cb02 PASS
addition=58 a=0xfe92e205 b=0xf8907eec sum=0xf72360f1 carry=1 expected=0x1f72360f1 PASS
addition=59 a=0x1efd2c0a b=0xd4fa0734 sum=0xf3f7333e carry=0 expected=0x0f3f7333e PASS
addition=60 a=0x17856a7a b=0xe38494ff sum=0xfb09ff79 carry=0 expected=0x0fb09ff79 PASS
addition=61 a=0x5272c232 b=0x4ca46228 sum=0x9f17245a carry=0 expected=0x09f17245a PASS
addition=62 a=0xdcc14958 b=0x48ac460d sum=0x256d8f65 carry=1 expected=0x1256d8f65 PASS
addition=63 a=0xcddd415b b=0xdb3467a0 sum=0xa911a8fb carry=1 expected=0x1a911a8fb PASS
addition=64 a=0xafc9c440 b=0x7f7073e0 sum=0x2f3a3820 carry=1 expected=0x12f3a3820 PASS
addition=65 a=0x508527a6 b=0x7a422e5e sum=0xcac75604 carry=0 expected=0x0cac75604 PASS
addition=66 a=0xceb7c2da b=0xeb7fac2c sum=0xba376f06 carry=1 expected=0x1ba376f06 PASS
addition=67 a=0xc1be4971 b=0x1a9dca19 sum=0xdc5c138a carry=0 expected=0x0dc5c138a PASS
addition=68 a=0xd809c536 b=0xf541d941 sum=0xcd4b9e77 carry=1 expected=0x1cd4b9e77 PASS
addition=69 a=0x035a50d5 b=0x615a5ad5 sum=0x64b4abaa carry=0 expected=0x064b4abaa PASS
addition=70 a=0x6a1d1575 b=0xdec9f4ac sum=0x48e70a21 carry=1 expected=0x148e70a21 PASS
addition=71 a=0xebdc94c2 b=0x51d9e460 sum=0x3db67922 carry=1 expected=0x13db67922 PASS
addition=72 a=0xc7ef8b8a b=0xe544c865 sum=0xad3453ef carry=1 expected=0x1ad3453ef PASS
addition=73 a=0xf5429e61 b=0x775349e6 sum=0x6c95e847 carry=1 expected=0x16c95e847 PASS
addition=74 a=0xd39f5cf1 b=0x382d7ed1 sum=0x0bccdbc2 carry=1 expected=0x10bccdbc2 PASS
addition=75 a=0x6915b06a b=0x3c0b6326 sum=0xa5211390 carry=0 expected=0x0a5211390 PASS
addition=76 a=0x5d9ee931 b=0x97a9a4cd sum=0xf5488dfe carry=0 expected=0x0f5488dfe PASS
addition=77 a=0xc53afff5 b=0xc2464077 sum=0x8781406c carry=1 expected=0x18781406c PASS
addition=78 a=0x435c0f33 b=0x95fbc3ae sum=0xd957d2e1 carry=0 expected=0x0d957d2e1 PASS
addition=79 a=0x5c40d849 b=0xae72a64d sum=0x0ab37e96 carry=1 expected=0x10ab37e96 PASS
addition=80 a=0xadd41910 b=0xf037c30b sum=0x9e0bdc1b carry=1 expected=0x19e0bdc1b PASS
addition=81 a=0x02824320 b=0x162aac33 sum=0x18acef53 carry=0 expected=0x018acef53 PASS
addition=82 a=0x36315145 b=0x9f261669 sum=0xd55767ae carry=0 expected=0x0d55767ae PASS
addition=83 a=0xe0880b1c b=0xdc9486c9 sum=0xbd1c91e5 carry=1 expected=0x1bd1c91e5 PASS
addition=84 a=0xc5fd9d0f b=0xbdd48201 sum=0x83d21f10 carry=1 expected=0x183d21f10 PASS
addition=85 a=0x9f022dab b=0x8c533ef0 sum=0x2b556c9b carry=1 expected=0x12b556c9b PASS
addition=86 a=0x9a242df6 b=0xecc6a55b sum=0x86ead351 carry=1 expected=0x186ead351 PASS
addition=87 a=0x35d6f4cd b=0x82ab0c2a sum=0xb88200f7 carry=0 expected=0x0b88200f7 PASS
addition=88 a=0x86e98a1d b=0x42e448c8 sum=0xc9cdd2e5 carry=0 expected=0x0c9cdd2e5 PASS
addition=89 a=0xb4588bf6 b=0x01e535c5 sum=0xb63dc1bb carry=0 expected=0x0b63dc1bb PASS
addition=90 a=0x4ce50b0b b=0x5d07a4e9 sum=0xa9ecaff4 carry=0 expected=0x0a9ecaff4 PASS
addition=91 a=0x9ac0d4a4 b=0x8ad6854e sum=0x259759f2 carry=1 expected=0x1259759f2 PASS
addition=92 a=0x15926651 b=0x7255355d sum=0x87e79bae carry=0 expected=0x087e79bae PASS
addition=93 a=0x4b211b62 b=0x61e087c4 sum=0xad01a326 carry=0 expected=0x0ad01a326 PASS
addition=94 a=0x521fd648 b=0xb206c643 sum=0x04269c8b carry=1 expected=0x104269c8b PASS
addition=95 a=0x331cf7a4 b=0x10ec0b50 sum=0x440902f4 carry=0 expected=0x0440902f4 PASS
addition=96 a=0xa14e31f3 b=0x897c2b2b sum=0x2aca5d1e carry=1 expected=0x12aca5d1e PASS
addition=97 a=0x8f30e9c7 b=0xd30058a3 sum=0x6231426a carry=1 expected=0x16231426a PASS
addition=98 a=0xda9ec189 b=0x5753fb1e sum=0x31f2bca7 carry=1 expected=0x131f2bca7 PASS
addition=99 a=0x2e35cfc6 b=0x6e65c020 sum=0x9c9b8fe6 carry=0 expected=0x09c9b8fe6 PASS
addition=100 a=0x1a54c910 b=0xeda79dcb sum=0x07fc66db carry=1 expected=0x107fc66db PASS
addition=101 a=0xddc0aa44 b=0xd9818e00 sum=0xb7423844 carry=1 expected=0x1b7423844 PASS
addition=102 a=0xe07ebe20 b=0xc0ee1a5d sum=0xa16cd87d carry=1 expected=0x1a16cd87d PASS
addition=103 a=0x7712ca6f b=0xe5b89540 sum=0x5ccb5faf carry=1 expected=0x15ccb5faf PASS
addition=104 a=0x150d37c8 b=0xcd79a872 sum=0xe286e03a carry=0 expected=0x0e286e03a PASS
addition=105 a=0xf6851d69 b=0xf02ae85d sum=0xe6b005c6 carry=1 expected=0x1e6b005c6 PASS
addition=106 a=0x0902c76d b=0x6c06bcda sum=0x75098447 carry=0 expected=0x075098447 PASS
addition=107 a=0xc8298394 b=0xf3348899 sum=0xbb5e0c2d carry=1 expected=0x1bb5e0c2d PASS
addition=108 a=0x26d4a8ca b=0xca7b94ac sum=0xf1503d76 carry=0 expected=0x0f1503d76 PASS
addition=109 a=0xa52753bb b=0xa5529673 sum=0x4a79ea2e carry=1 expected=0x14a79ea2e PASS
addition=110 a=0x040d3a1d b=0xca97bcfa sum=0xcea4f717 carry=0 expected=0x0cea4f717 PASS
addition=111 a=0x9c14adbe b=0x3dce448f sum=0xd9e2f24d carry=0 expected=0x0d9e2f24d PASS
addition=112 a=0x5ea41a20 b=0x61eeeed0 sum=0xc09308f0 carry=0 expected=0x0c09308f0 PASS
addition=113 a=0x3aa2a98a b=0x9de81623 sum=0xd88abfad carry=0 expected=0x0d88abfad PASS
addition=114 a=0x7aab0f15 b=0x727df491 sum=0xed2903a6 carry=0 expected=0x0ed2903a6 PASS
addition=115 a=0x5119ee26 b=0xf77e1148 sum=0x4897ff6e carry=1 expected=0x14897ff6e PASS
addition=116 a=0x9fb67783 b=0x7981db20 sum=0x193852a3 carry=1 expected=0x1193852a3 PASS
addition=117 a=0x1e5ab012 b=0x434253fe sum=0x619d0410 carry=0 expected=0x0619d0410 PASS
addition=118 a=0x2e8f7b60 b=0xfd8069b1 sum=0x2c0fe511 carry=1 expected=0x12c0fe511 PASS
addition=119 a=0xe6700caa b=0x1b42d458 sum=0x01b2e102 carry=1 expected=0x101b2e102 PASS
addition=120 a=0x78f7633c b=0x068587f4 sum=0x7f7ceb30 carry=0 expected=0x07f7ceb30 PASS
addition=121 a=0x7910c5e9 b=0x541772df sum=0xcd2838c8 carry=0 expected=0x0cd2838c8 PASS
addition=122 a=0xf3d530d9 b=0xec097dfe sum=0xdfdeaed7 carry=1 expected=0x1dfdeaed7 PASS
addition=123 a=0xb56d5885 b=0xd1c300db sum=0x87305960 carry=1 expected=0x187305960 PASS
addition=124 a=0x8adf3ed7 b=0xcdb8e2f5 sum=0x589821cc carry=1 expected=0x1589821cc PASS
addition=125 a=0xed236ac6 b=0x8f06b59b sum=0x7c2a2061 carry=1 expected=0x17c2a2061 PASS
addition=126 a=0x6f0ad161 b=0x91fb95b2 sum=0x01066713 carry=1 expected=0x101066713 PASS
addition=127 a=0x8af92694 b=0x6b55c1a1 sum=0xf64ee835 carry=0 expected=0x0f64ee835 PASS
addition=128 a=0xbf508a31 b=0x6cc95a7a sum=0x2c19e4ab carry=1 expected=0x12c19e4ab PASS
addition=129 a=0xb7410e99 b=0x44dedfd0 sum=0xfc1fee69 carry=0 expected=0x0fc1fee69 PASS
addition=130 a=0x7bb69802 b=0xbe670779 sum=0x3a1d9f7b carry=1 expected=0x13a1d9f7b PASS
addition=131 a=0x8f890f9d b=0x6125eca0 sum=0xf0aefc3d carry=0 expected=0x0f0aefc3d PASS
addition=132 a=0x4a81ddf8 b=0x56e24987 sum=0xa164277f carry=0 expected=0x0a164277f PASS
addition=133 a=0xe5866bae b=0x36844537 sum=0x1c0ab0e5 carry=1 expected=0x11c0ab0e5 PASS
addition=134 a=0x7a7dbee6 b=0x79821ef6 sum=0xf3ffdddc carry=0 expected=0x0f3ffdddc PASS
addition=135 a=0x71c4b8d8 b=0x3d26bd57 sum=0xaeeb762f carry=0 expected=0x0aeeb762f PASS
addition=136 a=0xbb092a31 b=0x57a7e7d6 sum=0x12b11207 carry=1 expected=0x112b11207 PASS
addition=137 a=0xc0f33d78 b=0x4cd1b416 sum=0x0dc4f18e carry=1 expected=0x10dc4f18e PASS
addition=138 a=0x303a6edf b=0xc1d7b5cf sum=0xf21224ae carry=0 expected=0x0f21224ae PASS
addition=139 a=0xdaa78178 b=0x7b9a13bc sum=0x56419534 carry=1 expected=0x156419534 PASS
addition=140 a=0x045c660a b=0x9b312ac4 sum=0x9f8d90ce carry=0 expected=0x09f8d90ce PASS
addition=141 a=0x73574bf0 b=0xdf09da64 sum=0x52612654 carry=1 expected=0x152612654 PASS
addition=142 a=0x6ce02086 b=0x76ea4b3e sum=0xe3ca6bc4 carry=0 expected=0x0e3ca6bc4 PASS
addition=143 a=0xce3f0bf8 b=0xc7439758 sum=0x9582a350 carry=1 expected=0x19582a350 PASS
addition=144 a=0x00b17c0c b=0xc92d9914 sum=0xc9df1520 carry=0 expected=0x0c9df1520 PASS
addition=145 a=0x3beba673 b=0xab99ddc1 sum=0xe7858434 carry=0 expected=0x0e7858434 PASS
addition=146 a=0x94170ff1 b=0xc8cbb5a5 sum=0x5ce2c596 carry=1 expected=0x15ce2c596 PASS
addition=147 a=0x719619da b=0xe70d110c sum=0x58a32ae6 carry=1 expected=0x158a32ae6 PASS
addition=148 a=0xe0bac0da b=0xac9a4dca sum=0x8d550ea4 carry=1 expected=0x18d550ea4 PASS
addition=149 a=0x414c943b b=0xaab8261e sum=0xec04ba59 carry=0 expected=0x0ec04ba59 PASS
addition=150 a=0x610d9543 b=0xa7160eb1 sum=0x0823a3f4 carry=1 expected=0x10823a3f4 PASS
addition=151 a=0xbec3a7f1 b=0x8d81bf0f sum=0x4c456700 carry=1 expected=0x14c456700 PASS
addition=152 a=0xf66045df b=0x25a08cf2 sum=0x1c00d2d1 carry=1 expected=0x11c00d2d1 PASS
addition=153 a=0xb3e40b4d b=0x633bf36b sum=0x171ffeb8 carry=1 expected=0x1171ffeb8 PASS
addition=154 a=0xb78525c0 b=0x7498a79e sum=0x2c1dcd5e carry=1 expected=0x12c1dcd5e PASS
addition=155 a=0x6d01a2cb b=0x72452287 sum=0xdf46c552 carry=0 expected=0x0df46c552 PASS
addition=156 a=0x14a0982d b=0xf302441f sum=0x07a2dc4c carry=1 expected=0x107a2dc4c PASS
addition=157 a=0xcbbec23f b=0x6cdc53a3 sum=0x389b15e2 carry=1 expected=0x1389b15e2 PASS
addition=158 a=0x33a05e17 b=0x3436e6e6 sum=0x67d744fd carry=0 expected=0x067d744fd PASS
addition=159 a=0xf5a000f3 b=0x427d5fac sum=0x381d609f carry=1 expected=0x1381d609f PASS
addition=160 a=0xd89dc668 b=0x6a4e3e40 sum=0x42ec04a8 carry=1 expected=0x142ec04a8 PASS
addition=161 a=0x1d4b78e3 b=0x38b318c8 sum=0x55fe91ab carry=0 expected=0x055fe91ab PASS
addition=162 a=0x2eec96bd b=0x3b567ca0 sum=0x6a43135d carry=0 expected=0x06a43135d PASS
addition=163 a=0x6c82dee1 b=0xdc824c8e sum=0x49052b6f carry=1 expected=0x149052b6f PASS
addition=164 a=0x376b06e7 b=0xa14e6abc sum=0xd8b971a3 carry=0 expected=0x0d8b971a3 PASS
addition=165 a=0xef224ab0 b=0x68f728ca sum=0x5819737a carry=1 expected=0x15819737a PASS
addition=166 a=0x302be99d b=0xee158d31 sum=0x1e4176ce carry=1 expected=0x11e4176ce PASS
addition=167 a=0xa9c3dfe8 b=0x95e86817 sum=0x3fac47ff carry=1 expected=0x13fac47ff PASS
addition=168 a=0x85b24822 b=0x5a7ba159 sum=0xe02de97b carry=0 expected=0x0e02de97b PASS
addition=169 a=0xe4425851 b=0x464dd155 sum=0x2a9029a6 carry=1 expected=0x12a9029a6 PASS
addition=170 a=0x7086e3a6 b=0x32bcce3f sum=0xa343b1e5 carry=0 expected=0x0a343b1e5 PASS
addition=171 a=0xc4140bc2 b=0xe8e147f4 sum=0xacf553b6 carry=1 expected=0x1acf553b6 PASS
addition=172 a=0xc3eb589b b=0xb7f5f007 sum=0x7be148a2 carry=1 expected=0x17be148a2 PASS
addition=173 a=0x37578b5d b=0x01b54023 sum=0x390ccb80 carry=0 expected=0x0390ccb80 PASS
addition=174 a=0x9f9feb9b b=0x3f7be74d sum=0xdf1bd2e8 carry=0 expected=0x0df1bd2e8 PASS
addition=175 a=0x31deb604 b=0x04d6f4eb sum=0x36b5aaef carry=0 expected=0x036b5aaef PASS
addition=176 a=0x9334c00e b=0x6d95b714 sum=0x00ca7722 carry=1 expected=0x100ca7722 PASS
addition=177 a=0xb59c0f4f b=0xbacb5bd5 sum=0x70676b24 carry=1 expected=0x170676b24 PASS
addition=178 a=0xe783f2ad b=0xa315d686 sum=0x8a99c933 carry=1 expected=0x18a99c933 PASS
addition=179 a=0x216656e4 b=0x9ceec419 sum=0xbe551afd carry=0 expected=0x0be551afd PASS
addition=180 a=0xc9d503cf b=0x5c363439 sum=0x260b3808 carry=1 expected=0x1260b3808 PASS
addition=181 a=0xcc9a7541 b=0xc4709f58 sum=0x910b1499 carry=1 expected=0x1910b1499 PASS
addition=182 a=0x24e56635 b=0x8c53c6a4 sum=0xb1392cd9 carry=0 expected=0x0b1392cd9 PASS
addition=183 a=0x6460a007 b=0x7c6f7ed7 sum=0xe0d01ede carry=0 expected=0x0e0d01ede PASS
addition=184 a=0xe50f36ad b=0x78887f40 sum=0x5d97b5ed carry=1 expected=0x15d97b5ed PASS
addition=185 a=0x9b68daf0 b=0x86e5c78b sum=0x224ea27b carry=1 expected=0x1224ea27b PASS
addition=186 a=0xfc83a8a1 b=0xbb6e412a sum=0xb7f1e9cb carry=1 expected=0x1b7f1e9cb PASS
addition=187 a=0x1a2c296f b=0x7f315b0f sum=0x995d847e carry=0 expected=0x0995d847e PASS
addition=188 a=0xde42b5c7 b=0x97b826fa sum=0x75fadcc1 carry=1 expected=0x175fadcc1 PASS
addition=189 a=0xff82c669 b=0x4eb90c0e sum=0x4e3bd277 carry=1 expected=0x14e3bd277 PASS
addition=190 a=0x882789d2 b=0x5aa35edc sum=0xe2cae8ae carry=0 expected=0x0e2cae8ae PASS
addition=191 a=0x1e600a60 b=0xfaacbb36 sum=0x190cc596 carry=1 expected=0x1190cc596 PASS
addition=192 a=0xd483f7b3 b=0xe4cd93a9 sum=0xb9518b5c carry=1 expected=0x1b9518b5c PASS
addition=193 a=0x81ab8655 b=0xdd4a8245 sum=0x5ef6089a carry=1 expected=0x15ef6089a PASS
addition=194 a=0x2d4efc44 b=0xaa06a1c7 sum=0xd7559e0b carry=0 expected=0x0d7559e0b PASS
addition=195 a=0xb9f1a5d8 b=0x24168cdd sum=0xde0832b5 carry=0 expected=0x0de0832b5 PASS
addition=196 a=0x4427957b b=0x679d69df sum=0xabc4ff5a carry=0 expected=0x0abc4ff5a PASS
addition=197 a=0x9e7b7d0c b=0xca8a39c1 sum=0x6905b6cd carry=1 expected=0x16905b6cd PASS
addition=198 a=0x3bf9bc18 b=0x832dfe85 sum=0xbf27ba9d carry=0 expected=0x0bf27ba9d PASS
addition=199 a=0xa3555f9b b=0x1c6142c8 sum=0xbfb6a263 carry=0 expected=0x0bfb6a263 PASS
addition=200 a=0xb3334254 b=0xb44c52e8 sum=0x677f953c carry=1 expected=0x1677f953c PASS
addition=201 a=0xfc38f1e0 b=0xa2949ca2 sum=0x9ecd8e82 carry=1 expected=0x19ecd8e82 PASS
addition=202 a=0x11184062 b=0x3b9591e8 sum=0x4cadd24a carry=0 expected=0x04cadd24a PASS
addition=203 a=0xbcb272bc b=0xae54f20e sum=0x6b0764ca carry=1 expected=0x16b0764ca PASS
addition=204 a=0x32b06a84 b=0xc3fe5bf4 sum=0xf6aec678 carry=0 expected=0x0f6aec678 PASS
addition=205 a=0x189b2934 b=0xca0f6aaa sum=0xe2aa93de carry=0 expected=0x0e2aa93de PASS
addition=206 a=0xcc1d19e7 b=0x8b180097 sum=0x57351a7e carry=1 expected=0x157351a7e PASS
addition=207 a=0xea5e0752 b=0x7c3e1308 sum=0x669c1a5a carry=1 expected=0x1669c1a5a PASS
addition=208 a=0x75b6c8c7 b=0x3961ac90 sum=0xaf187557 carry=0 expected=0x0af187557 PASS
addition=209 a=0x9286f7c9 b=0xc381cf36 sum=0x5608c6ff carry=1 expected=0x15608c6ff PASS
addition=210 a=0xb68932a5 b=0x8b6683ab sum=0x41efb650 carry=1 expected=0x141efb650 PASS
addition=211 a=0x396a0a62 b=0x7ce8b851 sum=0xb652c2b3 carry=0 expected=0x0b652c2b3 PASS
addition=212 a=0x17b719a0 b=0x64ef1fc1 sum=0x7ca63961 carry=0 expected=0x07ca63961 PASS
addition=213 a=0x65f8f50a b=0x10689c66 sum=0x76619170 carry=0 expected=0x076619170 PASS
addition=214 a=0x7f6fef14 b=0xd328e412 sum=0x5298d326 carry=1 expected=0x15298d326 PASS
addition=215 a=0x3af2bb27 b=0xdf5bd06c sum=0x1a4e8b93 carry=1 expected=0x11a4e8b93 PASS
addition=216 a=0x0f965a27 b=0x5e89d18e sum=0x6e202bb5 carry=0 expected=0x06e202bb5 PASS
addition=217 a=0xf3bc5992 b=0x694a9f75 sum=0x5d06f907 carry=1 expected=0x15d06f907 PASS
addition=218 a=0x6e2066c7 b=0x3dee40db sum=0xac0ea7a2 carry=0 expected=0x0ac0ea7a2 PASS
addition=219 a=0x4b5e1e01 b=0x9b51338e sum=0xe6af518f carry=0 expected=0x0e6af518f PASS
addition=220 a=0x19350ede b=0xa53cc789 sum=0xbe71d667 carry=0 expected=0x0be71d667 PASS
addition=221 a=0x8472d48f b=0x0288243e sum=0x86faf8cd carry=0 expected=0x086faf8cd PASS
addition=222 a=0xc7f30019 b=0x59fe0fc1 sum=0x21f10fda carry=1 expected=0x121f10fda PASS
addition=223 a=0x98ca1b82 b=0xacfcfdbf sum=0x45c71941 carry=1 expected=0x145c71941 PASS
addition=224 a=0x5a2b875a b=0x72da957a sum=0xcd061cd4 carry=0 expected=0x0cd061cd4 PASS
addition=225 a=0x2ecd6d40 b=0xefc0b2b2 sum=0x1e8e1ff2 carry=1 expected=0x11e8e1ff2 PASS
addition=226 a=0xcb474159 b=0x4ee26d0f sum=0x1a29ae68 carry=1 expected=0x11a29ae68 PASS
addition=227 a=0x6b32196e b=0x2be66141 sum=0x97187aaf carry=0 expected=0x097187aaf PASS
addition=228 a=0x1e086666 b=0x4a514f84 sum=0x6859b5ea carry=0 expected=0x06859b5ea PASS
addition=229 a=0x179e34d4 b=0xf19f5696 sum=0x093d8b6a carry=1 expected=0x1093d8b6a PASS
addition=230 a=0x72fefd30 b=0x064dd81c sum=0x794cd54c carry=0 expected=0x0794cd54c PASS
addition=231 a=0x148ed1db b=0x180f06a1 sum=0x2c9dd87c carry=0 expected=0x02c9dd87c PASS
addition=232 a=0xe3b0034c b=0x98e7a6a0 sum=0x7c97a9ec carry=1 expected=0x17c97a9ec PASS
addition=233 a=0xea418799 b=0x8ceb92c0 sum=0x772d1a59 carry=1 expected=0x1772d1a59 PASS
addition=234 a=0x28ce5eb9 b=0x8038e995 sum=0xa907484e carry=0 expected=0x0a907484e PASS
addition=235 a=0x3c4ae510 b=0x7df279e4 sum=0xba3d5ef4 carry=0 expected=0x0ba3d5ef4 PASS
addition=236 a=0x6b12f0e3 b=0x94dfc6e4 sum=0xfff2b7c7 carry=0 expected=0x0fff2b7c7 PASS
addition=237 a=0xec6d6c45 b=0x7d587a57 sum=0x69c5e69c carry=1 expected=0x169c5e69c PASS
addition=238 a=0x3046c89e b=0xc3fafab4 sum=0xf441c352 carry=0 expected=0x0f441c352 PASS
addition=239 a=0x092aa8a2 b=0xdbe6111d sum=0xe510b9bf carry=0 expected=0x0e510b9bf PASS
addition=240 a=0x2172021f b=0x470b8267 sum=0x687d8486 carry=0 expected=0x0687d8486 PASS
addition=241 a=0xdfa84144 b=0x2795fa04 sum=0x073e3b48 carry=1 expected=0x1073e3b48 PASS
addition=242 a=0x8273fbae b=0x5dcee08d sum=0xe042dc3b carry=0 expected=0x0e042dc3b PASS
addition=243 a=0xba3f0c22 b=0x2cd75e1f sum=0xe7166a41 carry=0 expected=0x0e7166a41 PASS
addition=244 a=0x258f6f35 b=0xc55ccb21 sum=0xeaec3a56 carry=0 expected=0x0eaec3a56 PASS
addition=245 a=0xdb20629d b=0x39068da4 sum=0x1426f041 carry=1 expected=0x11426f041 PASS
addition=246 a=0xfefd465d b=0x90ef6586 sum=0x8fecabe3 carry=1 expected=0x18fecabe3 PASS
addition=247 a=0xf7acee89 b=0x25c28d57 sum=0x1d6f7be0 carry=1 expected=0x11d6f7be0 PASS
addition=248 a=0xf962bb03 b=0x6e530c42 sum=0x67b5c745 carry=1 expected=0x167b5c745 PASS
addition=249 a=0xf4b23e4f b=0xdc0b79b2 sum=0xd0bdb801 carry=1 expected=0x1d0bdb801 PASS
addition=250 a=0xd49165ac b=0xfcb7ae7e sum=0xd149142a carry=1 expected=0x1d149142a PASS
addition=251 a=0x26753282 b=0x84836090 sum=0xaaf89312 carry=0 expected=0x0aaf89312 PASS
addition=252 a=0xfab38fd8 b=0xe25185fc sum=0xdd0515d4 carry=1 expected=0x1dd0515d4 PASS
addition=253 a=0x8f23fdeb b=0xe3425124 sum=0x72664f0f carry=1 expected=0x172664f0f PASS
addition=254 a=0x85b63777 b=0x28462dbb sum=0xadfc6532 carry=0 expected=0x0adfc6532 PASS
addition=255 a=0x53d65323 b=0xaffd80ba sum=0x03d3d3dd carry=1 expected=0x103d3d3dd PASS
addition=256 a=0xe2b326af b=0x4ab6361c sum=0x2d695ccb carry=1 expected=0x12d695ccb PASS
addition=257 a=0x02cbf4e6 b=0xf6b6536d sum=0xf9824853 carry=0 expected=0x0f9824853 PASS
addition=258 a=0xa7a64d00 b=0xaec93a63 sum=0x566f8763 carry=1 expected=0x1566f8763 PASS
addition=259 a=0xb926ca81 b=0x6ead8dfa sum=0x27d4587b carry=1 expected=0x127d4587b PASS
addition=260 a=0x3d46ec13 b=0xf85b7251 sum=0x35a25e64 carry=1 expected=0x135a25e64 PASS
addition=261 a=0x54323279 b=0x5dde73a7 sum=0xb210a620 carry=0 expected=0x0b210a620 PASS
addition=262 a=0xe6f19432 b=0x5a807f29 sum=0x4172135b carry=1 expected=0x14172135b PASS
invalid address=0x14 response=0xdeadbeef
invalid address=0xf0 response=0xdeadbeef
invalid address=0x100 response=0xdeadbeef
ERG102_PROBE_PASS mode=full checks=2128 additions=262 seed=0x10212415
EXIT_CODE 0
